../Core/Src/main.c:85:5:main	80	static
../Core/Src/main.c:141:6:SystemClock_Config	88	static
../Core/Src/main.c:183:13:MX_I2C1_Init	8	static
../Core/Src/main.c:217:13:MX_USART1_UART_Init	8	static
../Core/Src/main.c:250:13:MX_GPIO_Init	40	static
../Core/Src/main.c:278:6:ds3231_init	4	static
../Core/Src/main.c:282:6:ds3231_setTime	40	static
../Core/Src/main.c:287:6:ds3231_read	24	static
../Core/Src/main.c:301:9:bcd2dec	16	static
../Core/Src/main.c:305:9:dec2bcd	16	static
../Core/Src/main.c:315:6:Error_Handler	4	static,ignoring_inline_asm
