../Drivers/CMSIS/Include/core_cm3.h:1511:22:__NVIC_EnableIRQ	16	static
../Core/Src/main.c:79:6:spi1_config	4	static
../Core/Src/main.c:112:6:spi2_config	8	static
../Core/Src/main.c:142:6:spi1_master_transmit	16	static
../Core/Src/main.c:148:6:spi_transmit	32	static
../Core/Src/main.c:156:10:spi1_master_receive	4	static
../Core/Src/main.c:163:9:spi2_slave_receive	4	static
../Core/Src/main.c:169:6:spi_slave_receive	24	static
../Core/Src/main.c:177:6:SPI2_IRQHandler	4	static
../Core/Src/main.c:195:5:main	16	static
../Core/Src/main.c:257:6:SystemClock_Config	72	static
../Core/Src/main.c:294:13:MX_SPI1_Init	8	static
../Core/Src/main.c:332:13:MX_GPIO_Init	32	static
../Core/Src/main.c:366:6:Error_Handler	4	static,ignoring_inline_asm
