21:42:13 **** Incremental Build of configuration Debug for project i2c_master_transmit ****
make -j12 all 
arm-none-eabi-gcc "../Core/Src/main.c" -mcpu=cortex-m4 -std=gnu11 -g3 -DDEBUG -DUSE_HAL_DRIVER -DSTM32F411xE -c -I../Core/Inc -I../Drivers/STM32F4xx_HAL_Driver/Inc -I../Drivers/STM32F4xx_HAL_Driver/Inc/Legacy -I../Drivers/CMSIS/Device/ST/STM32F4xx/Include -I../Drivers/CMSIS/Include -O0 -ffunction-sections -fdata-sections -Wall -fstack-usage -fcyclomatic-complexity -MMD -MP -MF"Core/Src/main.d" -MT"Core/Src/main.o" --specs=nano.specs -mfpu=fpv4-sp-d16 -mfloat-abi=hard -mthumb -o "Core/Src/main.o"
../Core/Src/main.c: In function 'main':
../Core/Src/main.c:127:11: warning: implicit declaration of function 'sprintf' [-Wimplicit-function-declaration]
  127 |           sprintf(data,"%d,%d:%d:%d,%d/%d/%d\r\n",ds3231.weekDay,ds3231.hour,ds3231.minute,ds3231.second,ds3231.day,ds3231.month,ds3231.year+2000);
      |           ^~~~~~~
../Core/Src/main.c:25:1: note: include '<stdio.h>' or provide a declaration of 'sprintf'
   24 | #include "string.h"
  +++ |+#include <stdio.h>
   25 | /* USER CODE END Includes */
../Core/Src/main.c:127:11: warning: incompatible implicit declaration of built-in function 'sprintf' [-Wbuiltin-declaration-mismatch]
  127 |           sprintf(data,"%d,%d:%d:%d,%d/%d/%d\r\n",ds3231.weekDay,ds3231.hour,ds3231.minute,ds3231.second,ds3231.day,ds3231.month,ds3231.year+2000);
      |           ^~~~~~~
../Core/Src/main.c:127:11: note: include '<stdio.h>' or provide a declaration of 'sprintf'
../Core/Src/main.c:127:19: warning: pointer targets in passing argument 1 of 'sprintf' differ in signedness [-Wpointer-sign]
  127 |           sprintf(data,"%d,%d:%d:%d,%d/%d/%d\r\n",ds3231.weekDay,ds3231.hour,ds3231.minute,ds3231.second,ds3231.day,ds3231.month,ds3231.year+2000);
      |                   ^~~~
      |                   |
      |                   uint8_t * {aka unsigned char *}
../Core/Src/main.c:127:19: note: expected 'char *' but argument is of type 'uint8_t *' {aka 'unsigned char *'}
../Core/Src/main.c:128:51: warning: pointer targets in passing argument 1 of 'strlen' differ in signedness [-Wpointer-sign]
  128 |           HAL_UART_Transmit(&huart1, data, strlen(data), HAL_MAX_DELAY);
      |                                                   ^~~~
      |                                                   |
      |                                                   uint8_t * {aka unsigned char *}
In file included from ../Core/Src/main.c:24:
C:\ST\STM32CubeIDE_1.18.1\STM32CubeIDE\plugins\com.st.stm32cube.ide.mcu.externaltools.gnu-tools-for-stm32.13.3.rel1.win32_1.0.0.202411081344\tools\bin/../lib/gcc/arm-none-eabi/13.3.1/../../../../arm-none-eabi/include/string.h:41:18: note: expected 'const char *' but argument is of type 'uint8_t *' {aka 'unsigned char *'}
   41 | size_t   strlen (const char *);
      |                  ^~~~~~~~~~~~
../Core/Src/main.c:127:49: warning: 'sprintf' may write a terminating nul past the end of the destination [-Wformat-overflow=]
  127 |           sprintf(data,"%d,%d:%d:%d,%d/%d/%d\r\n",ds3231.weekDay,ds3231.hour,ds3231.minute,ds3231.second,ds3231.day,ds3231.month,ds3231.year+2000);
      |                                                 ^
../Core/Src/main.c:127:11: note: 'sprintf' output between 19 and 31 bytes into a destination of size 30
  127 |           sprintf(data,"%d,%d:%d:%d,%d/%d/%d\r\n",ds3231.weekDay,ds3231.hour,ds3231.minute,ds3231.second,ds3231.day,ds3231.month,ds3231.year+2000);
      |           ^~~~~~~~~~~~~~~~~~~~~~~~~~~~~~~~~~~~~~~~~~~~~~~~~~~~~~~~~~~~~~~~~~~~~~~~~~~~~~~~~~~~~~~~~~~~~~~~~~~~~~~~~~~~~~~~~~~~~~~~~~~~~~~~~~~~~~~~
arm-none-eabi-gcc -o "i2c_master_transmit.elf" @"objects.list"   -mcpu=cortex-m4 -T"E:\THANHTRA\STM32\STM32Cube_IDE\i2c_master_transmit\STM32F411CEUX_FLASH.ld" --specs=nosys.specs -Wl,-Map="i2c_master_transmit.map" -Wl,--gc-sections -static --specs=nano.specs -mfpu=fpv4-sp-d16 -mfloat-abi=hard -mthumb -Wl,--start-group -lc -lm -Wl,--end-group
Finished building target: i2c_master_transmit.elf
 
arm-none-eabi-size  i2c_master_transmit.elf 
arm-none-eabi-objdump -h -S i2c_master_transmit.elf  > "i2c_master_transmit.list"
   text	   data	    bss	    dec	    hex	filename
  15580	     96	   2064	  17740	   454c	i2c_master_transmit.elf
Finished building: default.size.stdout
 
Finished building: i2c_master_transmit.list
 

21:42:14 Build Finished. 0 errors, 5 warnings. (took 644ms)

